<a class="btn btn-disabled" href="#">
  Disabled
</a>