<table class="table table-xs xs:table-xs sm:table-sm md:table-md lg:table-lg xl:table-xl">
  <caption>
  caption
</caption><thead>
  <th>
  header 1
</th><th>
  header 2
</th><th>
  header 3
</th>
</thead><tbody>
  <tr>
  <td>
  cell 1
</td><td>
  cell 2
</td><td>
  cell 3
</td>
</tr><tr>
  <td>
  cell 4
</td><td>
  cell 5
</td><td>
  cell 6
</td>
</tr>
</tbody><tfoot>
  <td>
  footer 1
</td><td>
  footer 2
</td><td>
  footer 3
</td>
</tfoot>
</table>