  <div class="mb-2">
    <div data-controller="flash">
      <div class="alert alert-info alert-vertical sm:alert-horizontal" data-flash-target="alert">
  
        <i class="fa-solid fa-circle-info">
</i>
        <div>
  
          This is a notice.

</div>        <div>
  
          <button name="button" type="submit" class="btn btn-ghost btn-info btn-square" data-action="click-&gt;flash#hide">
  
            <i class="fa-solid fa-circle-xmark">
</i>

</button>
</div>
</div>    </div>
  </div>
