<div class="flex mb-4">
  <div class="flex-auto">
  <h2 class="text-4xl">
  Title
</h2>
</div>
</div>